../../CM7/../../CM7/Middlewares/ST/touchgfx/framework/include/touchgfx/Drawable.hpp:315:18:virtual void touchgfx::Drawable::setX(int16_t)	0	static
../../CM7/../../CM7/Middlewares/ST/touchgfx/framework/include/touchgfx/Drawable.hpp:327:18:virtual void touchgfx::Drawable::setY(int16_t)	0	static
../../CM7/../../CM7/Middlewares/ST/touchgfx/framework/include/touchgfx/Drawable.hpp:356:18:virtual void touchgfx::Drawable::setWidth(int16_t)	0	static
../../CM7/../../CM7/Middlewares/ST/touchgfx/framework/include/touchgfx/Drawable.hpp:368:18:virtual void touchgfx::Drawable::setHeight(int16_t)	0	static
../../CM7/../../CM7/Middlewares/ST/touchgfx/framework/include/touchgfx/Drawable.hpp:378:18:virtual void touchgfx::Drawable::childGeometryChanged()	0	static
../../CM7/../../CM7/Middlewares/ST/touchgfx/framework/include/touchgfx/Drawable.hpp:389:18:virtual void touchgfx::Drawable::handleClickEvent(const touchgfx::ClickEvent&)	0	static
../../CM7/../../CM7/Middlewares/ST/touchgfx/framework/include/touchgfx/Drawable.hpp:401:18:virtual void touchgfx::Drawable::handleGestureEvent(const touchgfx::GestureEvent&)	0	static
../../CM7/../../CM7/Middlewares/ST/touchgfx/framework/include/touchgfx/Drawable.hpp:490:18:virtual void touchgfx::Drawable::handleDragEvent(const touchgfx::DragEvent&)	0	static
../../CM7/../../CM7/Middlewares/ST/touchgfx/framework/include/touchgfx/Drawable.hpp:501:18:virtual void touchgfx::Drawable::handleTickEvent()	0	static
../../CM7/../../CM7/Middlewares/ST/touchgfx/framework/include/touchgfx/Drawable.hpp:588:18:virtual void touchgfx::Drawable::moveTo(int16_t, int16_t)	4	static
../../CM7/../../CM7/Middlewares/ST/touchgfx/framework/include/touchgfx/containers/Container.hpp:165:23:virtual touchgfx::Drawable* touchgfx::Container::getFirstChild()	0	static
../../CM7/../../CM7/TouchGFX/gui/include/gui/containers/customGraph.hpp:12:13:customGraph::~customGraph()	8	static
../../CM7/../../CM7/TouchGFX/gui/include/gui/containers/customGraph.hpp:12:13:virtual customGraph::~customGraph()	8	static
../../CM7/../../CM7/Middlewares/ST/touchgfx/framework/include/touchgfx/Drawable.hpp:121:18:virtual void touchgfx::Drawable::invalidateContent() const	0	static
../../CM7/../../CM7/Middlewares/ST/touchgfx/framework/include/touchgfx/widgets/canvas/CWRUtil.hpp:300:13:int touchgfx::CWRUtil::Q5::round() const	0	static
../../CM7/../../CM7/Middlewares/ST/touchgfx/framework/include/touchgfx/widgets/canvas/CWRUtil.hpp:828:15:static touchgfx::CWRUtil::Q5 touchgfx::CWRUtil::muldiv_toQ5(int32_t, int32_t, int32_t)	24	static
../../CM7/../../CM7/Middlewares/ST/touchgfx/framework/include/touchgfx/widgets/graph/AbstractDataGraph.hpp:440:18:virtual void touchgfx::AbstractDataGraph::setGraphRangeX(int, int)	4	static
../../CM7/../../CM7/Middlewares/ST/touchgfx/framework/include/touchgfx/widgets/graph/AbstractDataGraph.hpp:593:17:virtual int touchgfx::AbstractDataGraph::getGraphRangeXMaxAsInt() const	0	static
../../CM7/../../CM7/Middlewares/ST/touchgfx/framework/include/touchgfx/widgets/graph/AbstractDataGraph.hpp:627:17:virtual int touchgfx::AbstractDataGraph::getGraphRangeYMinAsInt() const	0	static
../../CM7/../../CM7/Middlewares/ST/touchgfx/framework/include/touchgfx/widgets/graph/AbstractDataGraph.hpp:659:17:virtual int touchgfx::AbstractDataGraph::getGraphRangeYMaxAsInt() const	0	static
../../CM7/../../CM7/TouchGFX/gui/include/gui/containers/customGraph.hpp:54:10:void customGraph::updateTimeLabel(touchgfx::TextAreaWithOneWildcard*, touchgfx::Unicode::UnicodeChar*, tm*)	24	static
C:/TouchGFXProjects/MyApplication/CM7/TouchGFX/gui/src/containers/customGraph.cpp:3:1:customGraph::customGraph()	8	static
C:/TouchGFXProjects/MyApplication/CM7/TouchGFX/gui/src/containers/customGraph.cpp:54:6:void customGraph::setMaxPoint(int)	0	static
C:/TouchGFXProjects/MyApplication/CM7/TouchGFX/gui/src/containers/customGraph.cpp:107:6:void customGraph::setYAxisLabel(const char*)	24	static
../../CM7/../../CM7/TouchGFX/gui/include/gui/containers/customGraph.hpp:149:15:virtual void customGraph::graph1clicked(touchgfx::AbstractDataGraph::GraphClickEvent)	40	static
C:/TouchGFXProjects/MyApplication/CM7/TouchGFX/gui/src/containers/customGraph.cpp:60:6:0(int)	64	static
C:/TouchGFXProjects/MyApplication/CM7/TouchGFX/gui/src/containers/customGraph.cpp:60:6:void customGraph::setTimeRange(int)	0	static
../../CM7/../../CM7/TouchGFX/gui/include/gui/containers/customGraph.hpp:64:18:virtual void customGraph::graph1Dragged(touchgfx::AbstractDataGraph::GraphDragEvent)	40	static
C:/TouchGFXProjects/MyApplication/CM7/TouchGFX/gui/src/containers/customGraph.cpp:30:6:void customGraph::addPoint(time_t, float)	72	static
C:/TouchGFXProjects/MyApplication/CM7/TouchGFX/gui/src/containers/customGraph.cpp:8:6:virtual void customGraph::initialize()	16	static
