../../CM7/../../CM7/Middlewares/ST/touchgfx/framework/include/touchgfx/Drawable.hpp:315:18:virtual void touchgfx::Drawable::setX(int16_t)	0	static
../../CM7/../../CM7/Middlewares/ST/touchgfx/framework/include/touchgfx/Drawable.hpp:327:18:virtual void touchgfx::Drawable::setY(int16_t)	0	static
../../CM7/../../CM7/Middlewares/ST/touchgfx/framework/include/touchgfx/Drawable.hpp:356:18:virtual void touchgfx::Drawable::setWidth(int16_t)	0	static
../../CM7/../../CM7/Middlewares/ST/touchgfx/framework/include/touchgfx/Drawable.hpp:368:18:virtual void touchgfx::Drawable::setHeight(int16_t)	0	static
../../CM7/../../CM7/Middlewares/ST/touchgfx/framework/include/touchgfx/Drawable.hpp:378:18:virtual void touchgfx::Drawable::childGeometryChanged()	0	static
../../CM7/../../CM7/Middlewares/ST/touchgfx/framework/include/touchgfx/Drawable.hpp:389:18:virtual void touchgfx::Drawable::handleClickEvent(const touchgfx::ClickEvent&)	0	static
../../CM7/../../CM7/Middlewares/ST/touchgfx/framework/include/touchgfx/Drawable.hpp:400:18:virtual void touchgfx::Drawable::handleGestureEvent(const touchgfx::GestureEvent&)	0	static
../../CM7/../../CM7/Middlewares/ST/touchgfx/framework/include/touchgfx/Drawable.hpp:488:18:virtual void touchgfx::Drawable::handleDragEvent(const touchgfx::DragEvent&)	0	static
../../CM7/../../CM7/Middlewares/ST/touchgfx/framework/include/touchgfx/Drawable.hpp:498:18:virtual void touchgfx::Drawable::handleTickEvent()	0	static
../../CM7/../../CM7/Middlewares/ST/touchgfx/framework/include/touchgfx/Drawable.hpp:585:18:virtual void touchgfx::Drawable::moveTo(int16_t, int16_t)	4	static
../../CM7/../../CM7/Middlewares/ST/touchgfx/framework/include/touchgfx/containers/Container.hpp:165:23:virtual touchgfx::Drawable* touchgfx::Container::getFirstChild()	0	static
../../CM7/../../CM7/TouchGFX/gui/include/gui/containers/customGraph.hpp:12:13:customGraph::~customGraph()	0	static
../../CM7/../../CM7/TouchGFX/gui/include/gui/containers/customGraph.hpp:156:15:virtual void customGraph::graph1clicked(touchgfx::AbstractDataGraph::GraphClickEvent)	8	static
../../CM7/../../CM7/TouchGFX/gui/include/gui/containers/customGraph.hpp:12:13:virtual customGraph::~customGraph()	8	static
../../CM7/../../CM7/Middlewares/ST/touchgfx/framework/include/touchgfx/widgets/canvas/CWRUtil.hpp:249:13:int touchgfx::CWRUtil::Q5::round() const	0	static
../../CM7/../../CM7/Middlewares/ST/touchgfx/framework/include/touchgfx/widgets/canvas/CWRUtil.hpp:769:15:static touchgfx::CWRUtil::Q5 touchgfx::CWRUtil::muldiv_toQ5(int32_t, int32_t, int32_t)	24	static
../../CM7/../../CM7/Middlewares/ST/touchgfx/framework/include/touchgfx/widgets/graph/AbstractDataGraph.hpp:436:18:virtual void touchgfx::AbstractDataGraph::setGraphRangeX(int, int)	4	static
../../CM7/../../CM7/Middlewares/ST/touchgfx/framework/include/touchgfx/widgets/graph/AbstractDataGraph.hpp:545:18:virtual void touchgfx::AbstractDataGraph::setGraphRangeYAuto(bool, float)	0	static
../../CM7/../../CM7/Middlewares/ST/touchgfx/framework/include/touchgfx/widgets/graph/AbstractDataGraph.hpp:589:17:virtual int touchgfx::AbstractDataGraph::getGraphRangeXMaxAsInt() const	0	static
../../CM7/../../CM7/Middlewares/ST/touchgfx/framework/include/touchgfx/widgets/graph/AbstractDataGraph.hpp:623:17:virtual int touchgfx::AbstractDataGraph::getGraphRangeYMinAsInt() const	0	static
../../CM7/../../CM7/Middlewares/ST/touchgfx/framework/include/touchgfx/widgets/graph/AbstractDataGraph.hpp:655:17:virtual int touchgfx::AbstractDataGraph::getGraphRangeYMaxAsInt() const	0	static
../../CM7/../../CM7/TouchGFX/gui/include/gui/containers/customGraph.hpp:56:10:void customGraph::updateTimeLabel(touchgfx::TextAreaWithOneWildcard*, touchgfx::Unicode::UnicodeChar*, tm*)	24	static
../../CM7/../../CM7/TouchGFX/gui/include/gui/containers/customGraph.hpp:66:18:virtual void customGraph::graph1Dragged(touchgfx::AbstractDataGraph::GraphDragEvent)	72	static
C:/TouchGFXProjects/MyApplication/CM7/TouchGFX/gui/src/containers/customGraph.cpp:3:1:customGraph::customGraph()	8	static
C:/TouchGFXProjects/MyApplication/CM7/TouchGFX/gui/src/containers/customGraph.cpp:17:6:void customGraph::addPoint(time_t, float)	72	static
C:/TouchGFXProjects/MyApplication/CM7/TouchGFX/gui/src/containers/customGraph.cpp:43:6:void customGraph::setMaxPoint(int)	0	static
C:/TouchGFXProjects/MyApplication/CM7/TouchGFX/gui/src/containers/customGraph.cpp:52:6:void customGraph::setTimeRange(int)	64	static
C:/TouchGFXProjects/MyApplication/CM7/TouchGFX/gui/src/containers/customGraph.cpp:101:6:void customGraph::setYAxisLabel(const char*)	24	static
C:/TouchGFXProjects/MyApplication/CM7/TouchGFX/gui/src/containers/customGraph.cpp:8:6:virtual void customGraph::initialize()	8	static
C:/TouchGFXProjects/MyApplication/CM7/TouchGFX/gui/src/containers/customGraph.cpp:112:6:void customGraph::setLineColor(uint32_t)	0	static
C:/TouchGFXProjects/MyApplication/CM7/TouchGFX/gui/src/containers/customGraph.cpp:117:6:void customGraph::clearAllData()	8	static
C:/TouchGFXProjects/MyApplication/CM7/TouchGFX/gui/src/containers/customGraph.cpp:124:6:void customGraph::cleanUp()	0	static
